infinite Unlimited eternity MUGEN
arms ; soldiers ; force ; weapons ; military ; pawn
Infinite Pawn
------------------------------------

https://github.com/thomas-pan/chinaportal



https://github.com/intel-web-engineering-development/FirstTimeBuyer

cd D:
cd Simplecore/FirstTimeBuyer/
git pull + URL 

git init
git add .
git commit -m "v2.1"
git fetch + URL
git push + URL
git tag -a v2.1 -m "v2.1"
git push origin v2.1

------------------------------------

2016-05-20

https://github.com/wuxianbing2011/gitstudy

$ git add reademe.txt
#把readme.txt添加到暂存区里面

$ git commti -m "v1.0"
#提交readme.txt 并添加注释为“v1.0”

$ git status
#查看状态（是否还有文件没有提交）
On branch master
nothing to commit, working directory clean

如果更改了readme.txt文件
$ git status
On branch master
Changes not staged for commit:
  (use "git add <file>..." to update what will be committed)
  (use "git checkout -- <file>..." to discard changes in working directory)

        modified:   README.txt

no changes added to commit (use "git add" and/or "git commit -a")



------------------------------------

2016-05-23

https://github.com/wuxianbing2011/gitstudy

Git命令可以很方便地重命名本地分支
$ git branch -m <old_branch_name> <new_branch_name>

删除远程待修改的分支名（注意：git branch -d YourBranchName只能删除本地的branch）
$ git push origin :YourBranchName

最后将本地的新分支名push到远程：
$ git push origin



查看分支
git branch
或者
git branch -v
 
A) 创建分支
git branch mystudygit1.0
 
B) 切换分支
git checkout mystudygit1.0
 
C) 删除分支
git branch -d mystudygit1.0  //如果该分支没有合并到主分支会报错
或者
git branch -D mystudygit1.0   //强制删除
 
D) 分支合并
比如，如果要将开发中的分支（develop），合并到稳定分支（master），
          首先切换的master分支：git checkout master。
然后执行合并操作：git merge develop。
如果有冲突，会提示你，调用git status查看冲突文件。
解决冲突，然后调用git add或git rm将解决后的文件暂存。
所有冲突解决后，git commit 提交更改。
例如：将acc2f69提交合并到当前分支
git merge acc2f69
 
E）合并
 
 
git如何clone 远程github中的分支？
git clone -b release_branch https://github.com/jetty/